                                                            
                                                            
                                                            
                                                            
                                                            
                [38;2;30;39;64m╭──────────────────────────╮[m                
                [38;2;30;39;64m│[m                          [38;2;30;39;64m│[m                
                [38;2;30;39;64m│[m  [1;38;2;241;245;249mFocus No[m                [38;2;30;39;64m│[m                
                [38;2;30;39;64m│[m                          [38;2;30;39;64m│[m                
                [38;2;30;39;64m│[m  Navigate to No button.  [38;2;30;39;64m│[m                
                [38;2;30;39;64m│[m                          [38;2;30;39;64m│[m                
                [38;2;30;39;64m│[m  [38;2;124;141;181m Yes [m  [1;7;38;2;124;141;181m No [m  [38;2;124;141;181m Cancel [m   [38;2;30;39;64m│[m                
                [38;2;30;39;64m│[m                          [38;2;30;39;64m│[m                
                [38;2;30;39;64m╰──────────────────────────╯[m                
                                                            
                                                            
                                                            
                                                            
                                                            
                                                            