    [38;2;30;39;64m╭──────────────────────────────╮[m    
    [38;2;30;39;64m│[m                              [38;2;30;39;64m│[m    
    [38;2;30;39;64m│[m  [1;38;2;241;245;249mLong Body[m                   [38;2;30;39;64m│[m    
    [38;2;30;39;64m│[m                              [38;2;30;39;64m│[m    
    [38;2;30;39;64m│[m  This is a much longer body  [38;2;30;39;64m│[m    
    [38;2;30;39;64m│[m  text that should be         [38;2;30;39;64m│[m    
    [38;2;30;39;64m│[m  wrapped when the dialog is  [38;2;30;39;64m│[m    
    [38;2;30;39;64m│[m  rendered at a narrow        [38;2;30;39;64m│[m    
    [38;2;30;39;64m│[m  width. It contains          [38;2;30;39;64m│[m    
    [38;2;30;39;64m│[m  multiple sentences to       [38;2;30;39;64m│[m    
    [38;2;30;39;64m│[m  ensure wrapping behavior    [38;2;30;39;64m│[m    
    [38;2;30;39;64m│[m  is visible.                 [38;2;30;39;64m│[m    
    [38;2;30;39;64m│[m                              [38;2;30;39;64m│[m    
    [38;2;30;39;64m│[m  [1;7;38;2;124;141;181m Yes [m  [38;2;124;141;181m No [m  [38;2;124;141;181m Cancel [m       [38;2;30;39;64m│[m    
    [38;2;30;39;64m│[m                              [38;2;30;39;64m│[m    
    [38;2;30;39;64m╰──────────────────────────────╯[m    